<html>
<body>
<pre>
<h1>µVision Build Log</h1>
<h2>Tool Versions:</h2>
IDE-Version: ¦ÌVision V5.29.0.0
Copyright (C) 2019 ARM Ltd and ARM Germany GmbH. All rights reserved.
License Information: Li FengCheng, hhu, LIC=FYKYW-QTVNQ-Y8AFK-ZCPPA-9LM2S-A5CY3
 
Tool Versions:
Toolchain:       MDK-ARM Plus  Version: 5.29.0.0
Toolchain Path:  C:\Keil_v5\ARM\ARMCC\Bin
C Compiler:      Armcc.exe V5.06 update 6 (build 750)
Assembler:       Armasm.exe V5.06 update 6 (build 750)
Linker/Locator:  ArmLink.exe V5.06 update 6 (build 750)
Library Manager: ArmAr.exe V5.06 update 6 (build 750)
Hex Converter:   FromElf.exe V5.06 update 6 (build 750)
CPU DLL:         SARMCM3.DLL V5.29.0.0
Dialog DLL:      DARMCM1.DLL V1.19.2.0
Target DLL:      STLink\ST-LINKIII-KEIL_SWO.dll V3.0.7.0
Dialog DLL:      TARMCM1.DLL V1.14.1.0
 
<h2>Project:</h2>
C:\Users\FengCheng\Desktop\µÍ¹¦ºÄLP_STANDBY-RTC11113_ADC\MDK-ARM\LP_STANDBY-RTC.uvprojx
Project File Date:  03/27/2020

<h2>Output:</h2>
*** Using Compiler 'V5.06 update 6 (build 750)', folder: 'C:\Keil_v5\ARM\ARMCC\Bin'
Build target 'LP_STANDBY-RTC'
compiling stm32l0xx_hal_tim_ex.c...
compiling stm32l0xx_hal_uart_ex.c...
compiling stm32l0xx_hal_flash.c...
compiling stm32l0xx_hal_i2c_ex.c...
compiling stm32l0xx_hal_rcc_ex.c...
compiling stm32l0xx_hal_rcc.c...
compiling stm32l0xx_hal_pwr.c...
compiling stm32l0xx_hal_dma.c...
compiling stm32l0xx_hal_uart.c...
compiling stm32l0xx_hal_pwr_ex.c...
compiling stm32l0xx_hal_tim.c...
compiling stm32l0xx_hal_rtc_ex.c...
compiling stm32l0xx_hal.c...
compiling stm32l0xx_hal_gpio.c...
compiling stm32l0xx_hal_i2c.c...
compiling stm32l0xx_hal_flash_ramfunc.c...
compiling stm32l0xx_hal_flash_ex.c...
compiling stm32l0xx_hal_rtc.c...
compiling stm32l0xx_hal_cortex.c...
compiling stm32l0xx_hal_adc_ex.c...
compiling stm32l0xx_hal_adc.c...
compiling BSP_debug.c...
..\BSP\BSP_debug.c(112): warning:  #161-D: unrecognized #pragma
  #pragma message("//=========================== DEBUG use UART poll")
..\BSP\BSP_debug.c: 1 warning, 0 errors
compiling BSP_pwr.c...
..\BSP\BSP_pwr.c(206): warning:  #223-D: function "SystemClock_Config" declared implicitly
      SystemClock_Config();
..\BSP\BSP_pwr.c: 1 warning, 0 errors
compiling LIS3DH.c...
assembling startup_stm32l053xx.s...
compiling BSP_LRF215.C...
compiling system_stm32l0xx.c...
compiling rtc.c...
compiling stm32l0xx_hal_msp.c...
compiling usart.c...
compiling stm32l0xx_it.c...
compiling gpio.c...
compiling main.c...
../Src/main.c(125): warning:  #223-D: function "I2C_GPIO_Configuration" declared implicitly
    I2C_GPIO_Configuration();
../Src/main.c(161): warning:  #223-D: function "I2C_GPIO_DeInit" declared implicitly
          I2C_GPIO_DeInit();
../Src/main.c(89): warning:  #177-D: variable "sConfig"  was declared but never referenced
  	ADC_ChannelConfTypeDef sConfig;
../Src/main.c: 3 warnings, 0 errors
compiling I2C.c...
compiling adc.c...
linking...
Program Size: Code=15644 RO-data=420 RW-data=52 ZI-data=1412  
FromELF: creating hex file...
"LP_STANDBY-RTC\LP_STANDBY-RTC.axf" - 0 Error(s), 5 Warning(s).

<h2>Software Packages used:</h2>

Package Vendor: ARM
                http://www.keil.com/pack/ARM.CMSIS.5.6.0.pack
                ARM.CMSIS.5.6.0
                CMSIS (Cortex Microcontroller Software Interface Standard)
   * Component: CORE Version: 5.3.0

Package Vendor: Keil
                http://www.keil.com/pack/Keil.STM32L0xx_DFP.2.0.1.pack
                Keil.STM32L0xx_DFP.2.0.1
                STMicroelectronics STM32L0 Series Device Support, Drivers and Examples

<h2>Collection of Component include folders:</h2>
  .\RTE\_LP_STANDBY-RTC
  C:\Users\FengCheng\AppData\Local\Arm\Packs\ARM\CMSIS\5.6.0\CMSIS\Core\Include
  C:\Users\FengCheng\AppData\Local\Arm\Packs\Keil\STM32L0xx_DFP\2.0.1\Drivers\CMSIS\Device\ST\STM32L0xx\Include

<h2>Collection of Component Files used:</h2>

   * Component: ARM::CMSIS:CORE:5.3.0
Build Time Elapsed:  00:00:53
</pre>
</body>
</html>
